Archive member included to satisfy reference by file (symbol)

/opt/st/stm32cubeide_1.14.0/plugins/com.st.stm32cube.ide.mcu.externaltools.gnu-tools-for-stm32.11.3.rel1.linux64_1.1.100.202309141235/tools/bin/../lib/gcc/arm-none-eabi/11.3.1/../../../../arm-none-eabi/lib/thumb/v7e-m+fp/hard/libc_nano.a(libc_a-exit.o)
                              /opt/st/stm32cubeide_1.14.0/plugins/com.st.stm32cube.ide.mcu.externaltools.gnu-tools-for-stm32.11.3.rel1.linux64_1.1.100.202309141235/tools/bin/../lib/gcc/arm-none-eabi/11.3.1/../../../../arm-none-eabi/lib/thumb/v7e-m+fp/hard/crt0.o (exit)
/opt/st/stm32cubeide_1.14.0/plugins/com.st.stm32cube.ide.mcu.externaltools.gnu-tools-for-stm32.11.3.rel1.linux64_1.1.100.202309141235/tools/bin/../lib/gcc/arm-none-eabi/11.3.1/../../../../arm-none-eabi/lib/thumb/v7e-m+fp/hard/libc_nano.a(libc_a-findfp.o)
                              /opt/st/stm32cubeide_1.14.0/plugins/com.st.stm32cube.ide.mcu.externaltools.gnu-tools-for-stm32.11.3.rel1.linux64_1.1.100.202309141235/tools/bin/../lib/gcc/arm-none-eabi/11.3.1/../../../../arm-none-eabi/lib/thumb/v7e-m+fp/hard/libc_nano.a(libc_a-exit.o) (__stdio_exit_handler)
/opt/st/stm32cubeide_1.14.0/plugins/com.st.stm32cube.ide.mcu.externaltools.gnu-tools-for-stm32.11.3.rel1.linux64_1.1.100.202309141235/tools/bin/../lib/gcc/arm-none-eabi/11.3.1/../../../../arm-none-eabi/lib/thumb/v7e-m+fp/hard/libc_nano.a(libc_a-fwalk.o)
                              /opt/st/stm32cubeide_1.14.0/plugins/com.st.stm32cube.ide.mcu.externaltools.gnu-tools-for-stm32.11.3.rel1.linux64_1.1.100.202309141235/tools/bin/../lib/gcc/arm-none-eabi/11.3.1/../../../../arm-none-eabi/lib/thumb/v7e-m+fp/hard/libc_nano.a(libc_a-findfp.o) (_fwalk_sglue)
/opt/st/stm32cubeide_1.14.0/plugins/com.st.stm32cube.ide.mcu.externaltools.gnu-tools-for-stm32.11.3.rel1.linux64_1.1.100.202309141235/tools/bin/../lib/gcc/arm-none-eabi/11.3.1/../../../../arm-none-eabi/lib/thumb/v7e-m+fp/hard/libc_nano.a(libc_a-stdio.o)
                              /opt/st/stm32cubeide_1.14.0/plugins/com.st.stm32cube.ide.mcu.externaltools.gnu-tools-for-stm32.11.3.rel1.linux64_1.1.100.202309141235/tools/bin/../lib/gcc/arm-none-eabi/11.3.1/../../../../arm-none-eabi/lib/thumb/v7e-m+fp/hard/libc_nano.a(libc_a-findfp.o) (__sread)
/opt/st/stm32cubeide_1.14.0/plugins/com.st.stm32cube.ide.mcu.externaltools.gnu-tools-for-stm32.11.3.rel1.linux64_1.1.100.202309141235/tools/bin/../lib/gcc/arm-none-eabi/11.3.1/../../../../arm-none-eabi/lib/thumb/v7e-m+fp/hard/libc_nano.a(libc_a-memset.o)
                              /opt/st/stm32cubeide_1.14.0/plugins/com.st.stm32cube.ide.mcu.externaltools.gnu-tools-for-stm32.11.3.rel1.linux64_1.1.100.202309141235/tools/bin/../lib/gcc/arm-none-eabi/11.3.1/../../../../arm-none-eabi/lib/thumb/v7e-m+fp/hard/crt0.o (memset)
/opt/st/stm32cubeide_1.14.0/plugins/com.st.stm32cube.ide.mcu.externaltools.gnu-tools-for-stm32.11.3.rel1.linux64_1.1.100.202309141235/tools/bin/../lib/gcc/arm-none-eabi/11.3.1/../../../../arm-none-eabi/lib/thumb/v7e-m+fp/hard/libc_nano.a(libc_a-closer.o)
                              /opt/st/stm32cubeide_1.14.0/plugins/com.st.stm32cube.ide.mcu.externaltools.gnu-tools-for-stm32.11.3.rel1.linux64_1.1.100.202309141235/tools/bin/../lib/gcc/arm-none-eabi/11.3.1/../../../../arm-none-eabi/lib/thumb/v7e-m+fp/hard/libc_nano.a(libc_a-stdio.o) (_close_r)
/opt/st/stm32cubeide_1.14.0/plugins/com.st.stm32cube.ide.mcu.externaltools.gnu-tools-for-stm32.11.3.rel1.linux64_1.1.100.202309141235/tools/bin/../lib/gcc/arm-none-eabi/11.3.1/../../../../arm-none-eabi/lib/thumb/v7e-m+fp/hard/libc_nano.a(libc_a-reent.o)
                              /opt/st/stm32cubeide_1.14.0/plugins/com.st.stm32cube.ide.mcu.externaltools.gnu-tools-for-stm32.11.3.rel1.linux64_1.1.100.202309141235/tools/bin/../lib/gcc/arm-none-eabi/11.3.1/../../../../arm-none-eabi/lib/thumb/v7e-m+fp/hard/libc_nano.a(libc_a-closer.o) (errno)
/opt/st/stm32cubeide_1.14.0/plugins/com.st.stm32cube.ide.mcu.externaltools.gnu-tools-for-stm32.11.3.rel1.linux64_1.1.100.202309141235/tools/bin/../lib/gcc/arm-none-eabi/11.3.1/../../../../arm-none-eabi/lib/thumb/v7e-m+fp/hard/libc_nano.a(libc_a-impure.o)
                              /opt/st/stm32cubeide_1.14.0/plugins/com.st.stm32cube.ide.mcu.externaltools.gnu-tools-for-stm32.11.3.rel1.linux64_1.1.100.202309141235/tools/bin/../lib/gcc/arm-none-eabi/11.3.1/../../../../arm-none-eabi/lib/thumb/v7e-m+fp/hard/libc_nano.a(libc_a-reent.o) (_impure_ptr)
/opt/st/stm32cubeide_1.14.0/plugins/com.st.stm32cube.ide.mcu.externaltools.gnu-tools-for-stm32.11.3.rel1.linux64_1.1.100.202309141235/tools/bin/../lib/gcc/arm-none-eabi/11.3.1/../../../../arm-none-eabi/lib/thumb/v7e-m+fp/hard/libc_nano.a(libc_a-lseekr.o)
                              /opt/st/stm32cubeide_1.14.0/plugins/com.st.stm32cube.ide.mcu.externaltools.gnu-tools-for-stm32.11.3.rel1.linux64_1.1.100.202309141235/tools/bin/../lib/gcc/arm-none-eabi/11.3.1/../../../../arm-none-eabi/lib/thumb/v7e-m+fp/hard/libc_nano.a(libc_a-stdio.o) (_lseek_r)
[...]
Memory Configuration

Name             Origin             Length             Attributes
CCMRAM           0x0000000010000000 0x0000000000010000 xrw
RAM              0x0000000020000000 0x0000000000020000 xrw
FLASH            0x0000000008000000 0x0000000000100000 xr
*default*        0x0000000000000000 0xffffffffffffffff

Linker script and memory map

LOAD /opt/st/stm32cubeide_1.14.0/plugins/com.st.stm32cube.ide.mcu.externaltools.gnu-tools-for-stm32.11.3.rel1.linux64_1.1.100.202309141235/tools/bin/../lib/gcc/arm-none-eabi/11.3.1/thumb/v7e-m+fp/hard/crti.o
LOAD /opt/st/stm32cubeide_1.14.0/plugins/com.st.stm32cube.ide.mcu.externaltools.gnu-tools-for-stm32.11.3.rel1.linux64_1.1.100.202309141235/tools/bin/../lib/gcc/arm-none-eabi/11.3.1/thumb/v7e-m+fp/hard/crtbegin.o
LOAD /opt/st/stm32cubeide_1.14.0/plugins/com.st.stm32cube.ide.mcu.externaltools.gnu-tools-for-stm32.11.3.rel1.linux64_1.1.100.202309141235/tools/bin/../lib/gcc/arm-none-eabi/11.3.1/../../../../arm-none-eabi/lib/thumb/v7e-m+fp/hard/crt0.o
LOAD ./Core/Src/main.o
LOAD ./Core/Src/stm32f4xx_hal_msp.o
LOAD ./Core/Src/stm32f4xx_it.o
LOAD ./Core/Src/syscalls.o
LOAD ./Core/Src/sysmem.o
LOAD ./Core/Src/system_stm32f4xx.o
LOAD ./Core/Startup/startup_stm32f405rgtx.o
LOAD ./Drivers/STM32F4xx_HAL_Driver/Src/stm32f4xx_hal.o
LOAD ./Drivers/STM32F4xx_HAL_Driver/Src/stm32f4xx_hal_adc.o
LOAD ./Drivers/STM32F4xx_HAL_Driver/Src/stm32f4xx_hal_adc_ex.o
LOAD ./Drivers/STM32F4xx_HAL_Driver/Src/stm32f4xx_hal_cortex.o
LOAD ./Drivers/STM32F4xx_HAL_Driver/Src/stm32f4xx_hal_dma.o
LOAD ./Drivers/STM32F4xx_HAL_Driver/Src/stm32f4xx_hal_dma_ex.o
LOAD ./Drivers/STM32F4xx_HAL_Driver/Src/stm32f4xx_hal_exti.o
LOAD ./Drivers/STM32F4xx_HAL_Driver/Src/stm32f4xx_hal_flash.o
LOAD ./Drivers/STM32F4xx_HAL_Driver/Src/stm32f4xx_hal_flash_ex.o
LOAD ./Drivers/STM32F4xx_HAL_Driver/Src/stm32f4xx_hal_flash_ramfunc.o
LOAD ./Drivers/STM32F4xx_HAL_Driver/Src/stm32f4xx_hal_gpio.o
LOAD ./Drivers/STM32F4xx_HAL_Driver/Src/stm32f4xx_hal_i2c.o
LOAD ./Drivers/STM32F4xx_HAL_Driver/Src/stm32f4xx_hal_i2c_ex.o
LOAD ./Drivers/STM32F4xx_HAL_Driver/Src/stm32f4xx_hal_pwr.o
LOAD ./Drivers/STM32F4xx_HAL_Driver/Src/stm32f4xx_hal_pwr_ex.o
LOAD ./Drivers/STM32F4xx_HAL_Driver/Src/stm32f4xx_hal_rcc.o
LOAD ./Drivers/STM32F4xx_HAL_Driver/Src/stm32f4xx_hal_rcc_ex.o
LOAD ./Drivers/STM32F4xx_HAL_Driver/Src/stm32f4xx_hal_tim.o
LOAD ./Drivers/STM32F4xx_HAL_Driver/Src/stm32f4xx_hal_tim_ex.o
LOAD ./Drivers/STM32F4xx_HAL_Driver/Src/stm32f4xx_hal_uart.o
LOAD ./Drivers/STM32F4xx_HAL_Driver/Src/stm32f4xx_ll_adc.o
START GROUP
LOAD /opt/st/stm32cubeide_1.14.0/plugins/com.st.stm32cube.ide.mcu.externaltools.gnu-tools-for-stm32.11.3.rel1.linux64_1.1.100.202309141235/tools/bin/../lib/gcc/arm-none-eabi/11.3.1/../../../../arm-none-eabi/lib/thumb/v7e-m+fp/hard/libc_nano.a
LOAD /opt/st/stm32cubeide_1.14.0/plugins/com.st.stm32cube.ide.mcu.externaltools.gnu-tools-for-stm32.11.3.rel1.linux64_1.1.100.202309141235/tools/bin/../lib/gcc/arm-none-eabi/11.3.1/../../../../arm-none-eabi/lib/thumb/v7e-m+fp/hard/libm.a
END GROUP
START GROUP
LOAD /opt/st/stm32cubeide_1.14.0/plugins/com.st.stm32cube.ide.mcu.externaltools.gnu-tools-for-stm32.11.3.rel1.linux64_1.1.100.202309141235/tools/bin/../lib/gcc/arm-none-eabi/11.3.1/thumb/v7e-m+fp/hard/libgcc.a
LOAD /opt/st/stm32cubeide_1.14.0/plugins/com.st.stm32cube.ide.mcu.externaltools.gnu-tools-for-stm32.11.3.rel1.linux64_1.1.100.202309141235/tools/bin/../lib/gcc/arm-none-eabi/11.3.1/../../../../arm-none-eabi/lib/thumb/v7e-m+fp/hard/libc_nano.a
END GROUP
START GROUP
LOAD /opt/st/stm32cubeide_1.14.0/plugins/com.st.stm32cube.ide.mcu.externaltools.gnu-tools-for-stm32.11.3.rel1.linux64_1.1.100.202309141235/tools/bin/../lib/gcc/arm-none-eabi/11.3.1/thumb/v7e-m+fp/hard/libgcc.a
LOAD /opt/st/stm32cubeide_1.14.0/plugins/com.st.stm32cube.ide.mcu.externaltools.gnu-tools-for-stm32.11.3.rel1.linux64_1.1.100.202309141235/tools/bin/../lib/gcc/arm-none-eabi/11.3.1/../../../../arm-none-eabi/lib/thumb/v7e-m+fp/hard/libc_nano.a
LOAD /opt/st/stm32cubeide_1.14.0/plugins/com.st.stm32cube.ide.mcu.externaltools.gnu-tools-for-stm32.11.3.rel1.linux64_1.1.100.202309141235/tools/bin/../lib/gcc/arm-none-eabi/11.3.1/../../../../arm-none-eabi/lib/thumb/v7e-m+fp/hard/libnosys.a
END GROUP
START GROUP
LOAD /opt/st/stm32cubeide_1.14.0/plugins/com.st.stm32cube.ide.mcu.externaltools.gnu-tools-for-stm32.11.3.rel1.linux64_1.1.100.202309141235/tools/bin/../lib/gcc/arm-none-eabi/11.3.1/thumb/v7e-m+fp/hard/libgcc.a
LOAD /opt/st/stm32cubeide_1.14.0/plugins/com.st.stm32cube.ide.mcu.externaltools.gnu-tools-for-stm32.11.3.rel1.linux64_1.1.100.202309141235/tools/bin/../lib/gcc/arm-none-eabi/11.3.1/../../../../arm-none-eabi/lib/thumb/v7e-m+fp/hard/libc_nano.a
LOAD /opt/st/stm32cubeide_1.14.0/plugins/com.st.stm32cube.ide.mcu.externaltools.gnu-tools-for-stm32.11.3.rel1.linux64_1.1.100.202309141235/tools/bin/../lib/gcc/arm-none-eabi/11.3.1/../../../../arm-none-eabi/lib/thumb/v7e-m+fp/hard/libnosys.a
END GROUP
LOAD /opt/st/stm32cubeide_1.14.0/plugins/com.st.stm32cube.ide.mcu.externaltools.gnu-tools-for-stm32.11.3.rel1.linux64_1.1.100.202309141235/tools/bin/../lib/gcc/arm-none-eabi/11.3.1/thumb/v7e-m+fp/hard/crtend.o
LOAD /opt/st/stm32cubeide_1.14.0/plugins/com.st.stm32cube.ide.mcu.externaltools.gnu-tools-for-stm32.11.3.rel1.linux64_1.1.100.202309141235/tools/bin/../lib/gcc/arm-none-eabi/11.3.1/thumb/v7e-m+fp/hard/crtn.o
                0x0000000020020000                _estack = (ORIGIN (RAM) + LENGTH (RAM))
                0x0000000000000200                _Min_Heap_Size = 0x200
                0x0000000000000400                _Min_Stack_Size = 0x400

.isr_vector     0x0000000008000000      0x188
                0x0000000008000000                . = ALIGN (0x4)
 *(.isr_vector)
 .isr_vector    0x0000000008000000      0x188 ./Core/Startup/startup_stm32f405rgtx.o
                0x0000000008000000                g_pfnVectors
                0x0000000008000188                . = ALIGN (0x4)

.text           0x0000000008000188     0x3000
                0x0000000008000188                . = ALIGN (0x4)
 *(.text)
 .text          0x0000000008000188       0x40 /opt/st/stm32cubeide_1.14.0/plugins/com.st.stm32cube.ide.mcu.externaltools.gnu-tools-for-stm32.11.3.rel1.linux64_1.1.100.202309141235/tools/bin/../lib/gcc/arm-none-eabi/11.3.1/thumb/v7e-m+fp/hard/crtbegin.o
 .text          0x00000000080001c8      0x378 /opt/st/stm32cubeide_1.14.0/plugins/com.st.stm32cube.ide.mcu.externaltools.gnu-tools-for-stm32.11.3.rel1.linux64_1.1.100.202309141235/tools/bin/../lib/gcc/arm-none-eabi/11.3.1/thumb/v7e-m+fp/hard/libgcc.a(_arm_addsubdf3.o)
                0x00000000080001c8                __aeabi_drsub
                0x00000000080001d0                __aeabi_dsub
                0x00000000080001d0                __subdf3
                0x00000000080001d4                __adddf3
                0x00000000080001d4                __aeabi_dadd
                0x000000000800044c                __aeabi_ui2d
                0x000000000800044c                __floatunsidf
                0x000000000800046c                __floatsidf
                0x000000000800046c                __aeabi_i2d
                0x0000000008000490                __extendsfdf2
                0x0000000008000490                __aeabi_f2d
                0x00000000080004d4                __aeabi_ul2d
                0x00000000080004d4                __floatundidf
                0x00000000080004e4                __floatdidf
                0x00000000080004e4                __aeabi_l2d
 .text          0x0000000008000540      0x424 /opt/st/stm32cubeide_1.14.0/plugins/com.st.stm32cube.ide.mcu.externaltools.gnu-tools-for-stm32.11.3.rel1.linux64_1.1.100.202309141235/tools/bin/../lib/gcc/arm-none-eabi/11.3.1/thumb/v7e-m+fp/hard/libgcc.a(_arm_muldivdf3.o)
                0x0000000008000540                __aeabi_dmul
                0x0000000008000540                __muldf3
                0x0000000008000794                __aeabi_ddiv
                0x0000000008000794                __divdf3
 .text          0x0000000008000964       0x50 /opt/st/stm32cubeide_1.14.0/plugins/com.st.stm32cube.ide.mcu.externaltools.gnu-tools-for-stm32.11.3.rel1.linux64_1.1.100.202309141235/tools/bin/../lib/gcc/arm-none-eabi/11.3.1/thumb/v7e-m+fp/hard/libgcc.a(_arm_fixdfsi.o)
                0x0000000008000964                __fixdfsi
                0x0000000008000964                __aeabi_d2iz
 .text          0x00000000080009b4       0x30 /opt/st/stm32cubeide_1.14.0/plugins/com.st.stm32cube.ide.mcu.externaltools.gnu-tools-for-stm32.11.3.rel1.linux64_1.1.100.202309141235/tools/bin/../lib/gcc/arm-none-eabi/11.3.1/thumb/v7e-m+fp/hard/libgcc.a(_aeabi_uldivmod.o)
                0x00000000080009b4                __aeabi_uldivmod
 .text          0x00000000080009e4      0x2c8 /opt/st/stm32cubeide_1.14.0/plugins/com.st.stm32cube.ide.mcu.externaltools.gnu-tools-for-stm32.11.3.rel1.linux64_1.1.100.202309141235/tools/bin/../lib/gcc/arm-none-eabi/11.3.1/thumb/v7e-m+fp/hard/libgcc.a(_udivmoddi4.o)
                0x00000000080009e4                __udivmoddi4
 .text          0x0000000008000cac        0x4 /opt/st/stm32cubeide_1.14.0/plugins/com.st.stm32cube.ide.mcu.externaltools.gnu-tools-for-stm32.11.3.rel1.linux64_1.1.100.202309141235/tools/bin/../lib/gcc/arm-none-eabi/11.3.1/thumb/v7e-m+fp/hard/libgcc.a(_dvmd_tls.o)
                0x0000000008000cac                __aeabi_ldiv0
                0x0000000008000cac                __aeabi_idiv0
 *(.text*)
 .text.main     0x0000000008000cb0      0x184 ./Core/Src/main.o
                0x0000000008000cb0                main
 .text.SystemClock_Config
                0x0000000008000e34       0xbc ./Core/Src/main.o
                0x0000000008000e34                SystemClock_Config
 .text.MX_ADC1_Init
                0x0000000008000ef0       0xa4 ./Core/Src/main.o
 .text.MX_I2C1_Init
                0x0000000008000f94       0x5c ./Core/Src/main.o
 .text.MX_USART3_UART_Init
                0x0000000008000ff0       0x54 ./Core/Src/main.o
 .text.MX_GPIO_Init
                0x0000000008001044       0xec ./Core/Src/main.o
 .text.tfr_byte
                0x0000000008001130       0x60 ./Core/Src/main.o
                0x0000000008001130                tfr_byte
 .text.sendFrequency
                0x0000000008001190       0x98 ./Core/Src/main.o
                0x0000000008001190                sendFrequency
 .text.Error_Handler
                0x0000000008001228        0xa ./Core/Src/main.o
                0x0000000008001228                Error_Handler
 *fill*         0x0000000008001232        0x2 
 .text.HAL_MspInit
                0x0000000008001234       0x50 ./Core/Src/stm32f4xx_hal_msp.o
                0x0000000008001234                HAL_MspInit
 .text.HAL_ADC_MspInit
                0x0000000008001284       0xc0 ./Core/Src/stm32f4xx_hal_msp.o
                0x0000000008001284                HAL_ADC_MspInit
 .text.HAL_I2C_MspInit
                0x0000000008001344       0x90 ./Core/Src/stm32f4xx_hal_msp.o
                0x0000000008001344                HAL_I2C_MspInit
 .text.HAL_UART_MspInit
                0x00000000080013d4       0x90 ./Core/Src/stm32f4xx_hal_msp.o
                0x00000000080013d4                HAL_UART_MspInit
 .text.NMI_Handler
                0x0000000008001464        0x6 ./Core/Src/stm32f4xx_it.o
                0x0000000008001464                NMI_Handler
 .text.HardFault_Handler
                0x000000000800146a        0x6 ./Core/Src/stm32f4xx_it.o
                0x000000000800146a                HardFault_Handler
 .text.MemManage_Handler
                0x0000000008001470        0x6 ./Core/Src/stm32f4xx_it.o
                0x0000000008001470                MemManage_Handler
 .text.BusFault_Handler
                0x0000000008001476        0x6 ./Core/Src/stm32f4xx_it.o
                0x0000000008001476                BusFault_Handler
 .text.UsageFault_Handler
                0x000000000800147c        0x6 ./Core/Src/stm32f4xx_it.o
                0x000000000800147c                UsageFault_Handler
 .text.SVC_Handler
                0x0000000008001482        0xe ./Core/Src/stm32f4xx_it.o
                0x0000000008001482                SVC_Handler
 .text.DebugMon_Handler
                0x0000000008001490        0xe ./Core/Src/stm32f4xx_it.o
                0x0000000008001490                DebugMon_Handler
 .text.PendSV_Handler
                0x000000000800149e        0xe ./Core/Src/stm32f4xx_it.o
                0x000000000800149e                PendSV_Handler
 .text.SysTick_Handler
                0x00000000080014ac        0xc ./Core/Src/stm32f4xx_it.o
                0x00000000080014ac                SysTick_Handler
 .text.SystemInit
                0x00000000080014b8       0x24 ./Core/Src/system_stm32f4xx.o
                0x00000000080014b8                SystemInit
 .text.Reset_Handler
                0x00000000080014dc       0x50 ./Core/Startup/startup_stm32f405rgtx.o
                0x00000000080014dc                Reset_Handler
 .text.Default_Handler
                0x000000000800152c        0x2 ./Core/Startup/startup_stm32f405rgtx.o
                0x000000000800152c                RTC_Alarm_IRQHandler
                0x000000000800152c                HASH_RNG_IRQHandler
                0x000000000800152c                EXTI2_IRQHandler
                0x000000000800152c                TIM8_CC_IRQHandler
                0x000000000800152c                TIM1_CC_IRQHandler
                0x000000000800152c                DMA2_Stream5_IRQHandler
                0x000000000800152c                DMA1_Stream5_IRQHandler
                0x000000000800152c                PVD_IRQHandler
                0x000000000800152c                SDIO_IRQHandler
                0x000000000800152c                TAMP_STAMP_IRQHandler
                0x000000000800152c                CAN2_RX1_IRQHandler
                0x000000000800152c                EXTI3_IRQHandler
                0x000000000800152c                TIM8_TRG_COM_TIM14_IRQHandler
                0x000000000800152c                TIM1_UP_TIM10_IRQHandler
                0x000000000800152c                TIM8_UP_TIM13_IRQHandler
                0x000000000800152c                I2C3_ER_IRQHandler
                0x000000000800152c                EXTI0_IRQHandler
                0x000000000800152c                I2C2_EV_IRQHandler
                0x000000000800152c                DMA1_Stream2_IRQHandler
                0x000000000800152c                CAN1_RX0_IRQHandler
                0x000000000800152c                FPU_IRQHandler
                0x000000000800152c                OTG_HS_WKUP_IRQHandler
                0x000000000800152c                CAN2_SCE_IRQHandler
                0x000000000800152c                DMA2_Stream2_IRQHandler
                0x000000000800152c                SPI1_IRQHandler
                0x000000000800152c                TIM6_DAC_IRQHandler
                0x000000000800152c                TIM1_BRK_TIM9_IRQHandler
                0x000000000800152c                CAN2_RX0_IRQHandler
                0x000000000800152c                DMA2_Stream3_IRQHandler
                0x000000000800152c                USART6_IRQHandler
                0x000000000800152c                USART3_IRQHandler
                0x000000000800152c                CAN1_RX1_IRQHandler
                0x000000000800152c                UART5_IRQHandler
                0x000000000800152c                DMA2_Stream0_IRQHandler
                0x000000000800152c                TIM4_IRQHandler
                0x000000000800152c                I2C1_EV_IRQHandler
                0x000000000800152c                DMA1_Stream6_IRQHandler
                0x000000000800152c                DMA1_Stream1_IRQHandler
                0x000000000800152c                UART4_IRQHandler
                0x000000000800152c                TIM3_IRQHandler
                0x000000000800152c                RCC_IRQHandler
                0x000000000800152c                TIM8_BRK_TIM12_IRQHandler
                0x000000000800152c                Default_Handler
                0x000000000800152c                EXTI15_10_IRQHandler
                0x000000000800152c                ADC_IRQHandler
                0x000000000800152c                DMA1_Stream7_IRQHandler
                0x000000000800152c                TIM7_IRQHandler
                0x000000000800152c                CAN2_TX_IRQHandler
                0x000000000800152c                TIM5_IRQHandler
                0x000000000800152c                DMA2_Stream7_IRQHandler
                0x000000000800152c                I2C3_EV_IRQHandler
                0x000000000800152c                EXTI9_5_IRQHandler
                0x000000000800152c                RTC_WKUP_IRQHandler
                0x000000000800152c                SPI2_IRQHandler
                0x000000000800152c                OTG_HS_EP1_IN_IRQHandler
                0x000000000800152c                DMA1_Stream0_IRQHandler
                0x000000000800152c                CAN1_TX_IRQHandler
                0x000000000800152c                EXTI4_IRQHandler
                0x000000000800152c                FSMC_IRQHandler
                0x000000000800152c                OTG_HS_EP1_OUT_IRQHandler
                0x000000000800152c                WWDG_IRQHandler
                0x000000000800152c                TIM2_IRQHandler
                0x000000000800152c                OTG_FS_WKUP_IRQHandler
                0x000000000800152c                TIM1_TRG_COM_TIM11_IRQHandler
                0x000000000800152c                OTG_HS_IRQHandler
                0x000000000800152c                EXTI1_IRQHandler
                0x000000000800152c                USART2_IRQHandler
                0x000000000800152c                I2C2_ER_IRQHandler
                0x000000000800152c                DMA2_Stream1_IRQHandler
                0x000000000800152c                CAN1_SCE_IRQHandler
                0x000000000800152c                FLASH_IRQHandler
                0x000000000800152c                DMA2_Stream4_IRQHandler
                0x000000000800152c                USART1_IRQHandler
                0x000000000800152c                OTG_FS_IRQHandler
                0x000000000800152c                SPI3_IRQHandler
                0x000000000800152c                DMA1_Stream4_IRQHandler
                0x000000000800152c                I2C1_ER_IRQHandler
                0x000000000800152c                DMA2_Stream6_IRQHandler
                0x000000000800152c                DMA1_Stream3_IRQHandler
 *fill*         0x000000000800152e        0x2 
 .text.HAL_Init
                0x0000000008001530       0x44 ./Drivers/STM32F4xx_HAL_Driver/Src/stm32f4xx_hal.o
                0x0000000008001530                HAL_Init
 .text.HAL_InitTick
                0x0000000008001574       0x60 ./Drivers/STM32F4xx_HAL_Driver/Src/stm32f4xx_hal.o
                0x0000000008001574                HAL_InitTick
 .text.HAL_IncTick
                0x00000000080015d4       0x28 ./Drivers/STM32F4xx_HAL_Driver/Src/stm32f4xx_hal.o
                0x00000000080015d4                HAL_IncTick
 .text.HAL_GetTick
                0x00000000080015fc       0x18 ./Drivers/STM32F4xx_HAL_Driver/Src/stm32f4xx_hal.o
                0x00000000080015fc                HAL_GetTick
 .text.HAL_Delay
                0x0000000008001614       0x48 ./Drivers/STM32F4xx_HAL_Driver/Src/stm32f4xx_hal.o
                0x0000000008001614                HAL_Delay
 .text.HAL_ADC_Init
                0x000000000800165c       0x86 ./Drivers/STM32F4xx_HAL_Driver/Src/stm32f4xx_hal_adc.o
                0x000000000800165c                HAL_ADC_Init
 *fill*         0x00000000080016e2        0x2 
 .text.HAL_ADC_ConfigChannel
                0x00000000080016e4      0x244 ./Drivers/STM32F4xx_HAL_Driver/Src/stm32f4xx_hal_adc.o
                0x00000000080016e4                HAL_ADC_ConfigChannel
 .text.ADC_Init
                0x0000000008001928      0x1f8 ./Drivers/STM32F4xx_HAL_Driver/Src/stm32f4xx_hal_adc.o
 .text.__NVIC_SetPriorityGrouping
                0x0000000008001b20       0x48 ./Drivers/STM32F4xx_HAL_Driver/Src/stm32f4xx_hal_cortex.o
 .text.__NVIC_GetPriorityGrouping
                0x0000000008001b68       0x1c ./Drivers/STM32F4xx_HAL_Driver/Src/stm32f4xx_hal_cortex.o
 .text.__NVIC_SetPriority
                0x0000000008001b84       0x54 ./Drivers/STM32F4xx_HAL_Driver/Src/stm32f4xx_hal_cortex.o
 .text.NVIC_EncodePriority
                0x0000000008001bd8       0x66 ./Drivers/STM32F4xx_HAL_Driver/Src/stm32f4xx_hal_cortex.o
 *fill*         0x0000000008001c3e        0x2 
 .text.SysTick_Config
                0x0000000008001c40       0x44 ./Drivers/STM32F4xx_HAL_Driver/Src/stm32f4xx_hal_cortex.o
 .text.HAL_NVIC_SetPriorityGrouping
                0x0000000008001c84       0x16 ./Drivers/STM32F4xx_HAL_Driver/Src/stm32f4xx_hal_cortex.o
                0x0000000008001c84                HAL_NVIC_SetPriorityGrouping
 .text.HAL_NVIC_SetPriority
                0x0000000008001c9a       0x38 ./Drivers/STM32F4xx_HAL_Driver/Src/stm32f4xx_hal_cortex.o
                0x0000000008001c9a                HAL_NVIC_SetPriority
 .text.HAL_SYSTICK_Config
                0x0000000008001cd2       0x18 ./Drivers/STM32F4xx_HAL_Driver/Src/stm32f4xx_hal_cortex.o
                0x0000000008001cd2                HAL_SYSTICK_Config
 *fill*         0x0000000008001cea        0x2 
 .text.HAL_GPIO_Init
                0x0000000008001cec      0x338 ./Drivers/STM32F4xx_HAL_Driver/Src/stm32f4xx_hal_gpio.o
                0x0000000008001cec                HAL_GPIO_Init
 .text.HAL_GPIO_WritePin
                0x0000000008002024       0x32 ./Drivers/STM32F4xx_HAL_Driver/Src/stm32f4xx_hal_gpio.o
                0x0000000008002024                HAL_GPIO_WritePin
 *fill*         0x0000000008002056        0x2 
 .text.HAL_I2C_Init
                0x0000000008002058      0x288 ./Drivers/STM32F4xx_HAL_Driver/Src/stm32f4xx_hal_i2c.o
                0x0000000008002058                HAL_I2C_Init
 .text.HAL_RCC_OscConfig
                0x00000000080022e0      0x4f0 ./Drivers/STM32F4xx_HAL_Driver/Src/stm32f4xx_hal_rcc.o
                0x00000000080022e0                HAL_RCC_OscConfig
 .text.HAL_RCC_ClockConfig
                0x00000000080027d0      0x1cc ./Drivers/STM32F4xx_HAL_Driver/Src/stm32f4xx_hal_rcc.o
                0x00000000080027d0                HAL_RCC_ClockConfig
 .text.HAL_RCC_GetSysClockFreq
                0x000000000800299c      0x18c ./Drivers/STM32F4xx_HAL_Driver/Src/stm32f4xx_hal_rcc.o
                0x000000000800299c                HAL_RCC_GetSysClockFreq
 .text.HAL_RCC_GetHCLKFreq
                0x0000000008002b28       0x18 ./Drivers/STM32F4xx_HAL_Driver/Src/stm32f4xx_hal_rcc.o
                0x0000000008002b28                HAL_RCC_GetHCLKFreq
 .text.HAL_RCC_GetPCLK1Freq
                0x0000000008002b40       0x28 ./Drivers/STM32F4xx_HAL_Driver/Src/stm32f4xx_hal_rcc.o
                0x0000000008002b40                HAL_RCC_GetPCLK1Freq
 .text.HAL_RCC_GetPCLK2Freq
                0x0000000008002b68       0x28 ./Drivers/STM32F4xx_HAL_Driver/Src/stm32f4xx_hal_rcc.o
                0x0000000008002b68                HAL_RCC_GetPCLK2Freq
 .text.HAL_UART_Init
                0x0000000008002b90       0xa0 ./Drivers/STM32F4xx_HAL_Driver/Src/stm32f4xx_hal_uart.o
                0x0000000008002b90                HAL_UART_Init
 .text.UART_SetConfig
                0x0000000008002c30      0x4e8 ./Drivers/STM32F4xx_HAL_Driver/Src/stm32f4xx_hal_uart.o
 .text.memset   0x0000000008003118       0x10 /opt/st/stm32cubeide_1.14.0/plugins/com.st.stm32cube.ide.mcu.externaltools.gnu-tools-for-stm32.11.3.rel1.linux64_1.1.100.202309141235/tools/bin/../lib/gcc/arm-none-eabi/11.3.1/../../../../arm-none-eabi/lib/thumb/v7e-m+fp/hard/libc_nano.a(libc_a-memset.o)
                0x0000000008003118                memset
 .text.__libc_init_array
                0x0000000008003128       0x48 /opt/st/stm32cubeide_1.14.0/plugins/com.st.stm32cube.ide.mcu.externaltools.gnu-tools-for-stm32.11.3.rel1.linux64_1.1.100.202309141235/tools/bin/../lib/gcc/arm-none-eabi/11.3.1/../../../../arm-none-eabi/lib/thumb/v7e-m+fp/hard/libc_nano.a(libc_a-init.o)
                0x0000000008003128                __libc_init_array
 *(.glue_7)
 .glue_7        0x0000000008003170        0x0 linker stubs
 *(.glue_7t)
 .glue_7t       0x0000000008003170        0x0 linker stubs
 *(.eh_frame)
 .eh_frame      0x0000000008003170        0x0 /opt/st/stm32cubeide_1.14.0/plugins/com.st.stm32cube.ide.mcu.externaltools.gnu-tools-for-stm32.11.3.rel1.linux64_1.1.100.202309141235/tools/bin/../lib/gcc/arm-none-eabi/11.3.1/thumb/v7e-m+fp/hard/crtbegin.o
 *(.init)
 .init          0x0000000008003170        0x4 /opt/st/stm32cubeide_1.14.0/plugins/com.st.stm32cube.ide.mcu.externaltools.gnu-tools-for-stm32.11.3.rel1.linux64_1.1.100.202309141235/tools/bin/../lib/gcc/arm-none-eabi/11.3.1/thumb/v7e-m+fp/hard/crti.o
                0x0000000008003170                _init
 .init          0x0000000008003174        0x8 /opt/st/stm32cubeide_1.14.0/plugins/com.st.stm32cube.ide.mcu.externaltools.gnu-tools-for-stm32.11.3.rel1.linux64_1.1.100.202309141235/tools/bin/../lib/gcc/arm-none-eabi/11.3.1/thumb/v7e-m+fp/hard/crtn.o
 *(.fini)
 .fini          0x000000000800317c        0x4 /opt/st/stm32cubeide_1.14.0/plugins/com.st.stm32cube.ide.mcu.externaltools.gnu-tools-for-stm32.11.3.rel1.linux64_1.1.100.202309141235/tools/bin/../lib/gcc/arm-none-eabi/11.3.1/thumb/v7e-m+fp/hard/crti.o
                0x000000000800317c                _fini
 .fini          0x0000000008003180        0x8 /opt/st/stm32cubeide_1.14.0/plugins/com.st.stm32cube.ide.mcu.externaltools.gnu-tools-for-stm32.11.3.rel1.linux64_1.1.100.202309141235/tools/bin/../lib/gcc/arm-none-eabi/11.3.1/thumb/v7e-m+fp/hard/crtn.o
                0x0000000008003188                . = ALIGN (0x4)
                0x0000000008003188                _etext = .

.vfp11_veneer   0x0000000008003188        0x0
 .vfp11_veneer  0x0000000008003188        0x0 linker stubs

.v4_bx          0x0000000008003188        0x0
 .v4_bx         0x0000000008003188        0x0 linker stubs

.iplt           0x0000000008003188        0x0
 .iplt          0x0000000008003188        0x0 /opt/st/stm32cubeide_1.14.0/plugins/com.st.stm32cube.ide.mcu.externaltools.gnu-tools-for-stm32.11.3.rel1.linux64_1.1.100.202309141235/tools/bin/../lib/gcc/arm-none-eabi/11.3.1/thumb/v7e-m+fp/hard/crtbegin.o

.rodata         0x0000000008003188       0x18
                0x0000000008003188                . = ALIGN (0x4)
 *(.rodata)
 *(.rodata*)
 .rodata.AHBPrescTable
                0x0000000008003188       0x10 ./Core/Src/system_stm32f4xx.o
                0x0000000008003188                AHBPrescTable
 .rodata.APBPrescTable
                0x0000000008003198        0x8 ./Core/Src/system_stm32f4xx.o
                0x0000000008003198                APBPrescTable
                0x00000000080031a0                . = ALIGN (0x4)

.ARM.extab      0x00000000080031a0        0x0
                0x00000000080031a0                . = ALIGN (0x4)
 *(.ARM.extab* .gnu.linkonce.armextab.*)
                0x00000000080031a0                . = ALIGN (0x4)

.ARM            0x00000000080031a0        0x8
                0x00000000080031a0                . = ALIGN (0x4)
                0x00000000080031a0                __exidx_start = .
 *(.ARM.exidx*)
 .ARM.exidx     0x00000000080031a0        0x8 /opt/st/stm32cubeide_1.14.0/plugins/com.st.stm32cube.ide.mcu.externaltools.gnu-tools-for-stm32.11.3.rel1.linux64_1.1.100.202309141235/tools/bin/../lib/gcc/arm-none-eabi/11.3.1/thumb/v7e-m+fp/hard/libgcc.a(_udivmoddi4.o)
                0x00000000080031a8                __exidx_end = .
                0x00000000080031a8                . = ALIGN (0x4)

.rel.dyn        0x00000000080031a8        0x0
 .rel.iplt      0x00000000080031a8        0x0 /opt/st/stm32cubeide_1.14.0/plugins/com.st.stm32cube.ide.mcu.externaltools.gnu-tools-for-stm32.11.3.rel1.linux64_1.1.100.202309141235/tools/bin/../lib/gcc/arm-none-eabi/11.3.1/thumb/v7e-m+fp/hard/crtbegin.o

.preinit_array  0x00000000080031a8        0x0
                0x00000000080031a8                . = ALIGN (0x4)
                0x00000000080031a8                PROVIDE (__preinit_array_start = .)
 *(.preinit_array*)
                0x00000000080031a8                PROVIDE (__preinit_array_end = .)
                0x00000000080031a8                . = ALIGN (0x4)

.init_array     0x00000000080031a8        0x4
                0x00000000080031a8                . = ALIGN (0x4)
                0x00000000080031a8                PROVIDE (__init_array_start = .)
 *(SORT_BY_NAME(.init_array.*))
 *(.init_array*)
 .init_array    0x00000000080031a8        0x4 /opt/st/stm32cubeide_1.14.0/plugins/com.st.stm32cube.ide.mcu.externaltools.gnu-tools-for-stm32.11.3.rel1.linux64_1.1.100.202309141235/tools/bin/../lib/gcc/arm-none-eabi/11.3.1/thumb/v7e-m+fp/hard/crtbegin.o
                0x00000000080031ac                PROVIDE (__init_array_end = .)
                0x00000000080031ac                . = ALIGN (0x4)

.fini_array     0x00000000080031ac        0x4
                0x00000000080031ac                . = ALIGN (0x4)
                [!provide]                        PROVIDE (__fini_array_start = .)
 *(SORT_BY_NAME(.fini_array.*))
 *(.fini_array*)
 .fini_array    0x00000000080031ac        0x4 /opt/st/stm32cubeide_1.14.0/plugins/com.st.stm32cube.ide.mcu.externaltools.gnu-tools-for-stm32.11.3.rel1.linux64_1.1.100.202309141235/tools/bin/../lib/gcc/arm-none-eabi/11.3.1/thumb/v7e-m+fp/hard/crtbegin.o
                [!provide]                        PROVIDE (__fini_array_end = .)
                0x00000000080031b0                . = ALIGN (0x4)
                0x00000000080031b0                _sidata = LOADADDR (.data)

.data           0x0000000020000000       0x30 load address 0x00000000080031b0
                0x0000000020000000                . = ALIGN (0x4)
                0x0000000020000000                _sdata = .
 *(.data)
 *(.data*)
 .data.start_freq_1
                0x0000000020000000        0x4 ./Core/Src/main.o
                0x0000000020000000                start_freq_1
 .data.stop_freq_1
                0x0000000020000004        0x4 ./Core/Src/main.o
                0x0000000020000004                stop_freq_1
 .data.freq_step_1
                0x0000000020000008        0x4 ./Core/Src/main.o
                0x0000000020000008                freq_step_1
 .data.start_freq_2
                0x000000002000000c        0x4 ./Core/Src/main.o
                0x000000002000000c                start_freq_2
 .data.stop_freq_2
                0x0000000020000010        0x4 ./Core/Src/main.o
                0x0000000020000010                stop_freq_2
 .data.freq_step_2
                0x0000000020000014        0x4 ./Core/Src/main.o
                0x0000000020000014                freq_step_2
 .data.start_freq_3
                0x0000000020000018        0x4 ./Core/Src/main.o
                0x0000000020000018                start_freq_3
 .data.stop_freq_3
                0x000000002000001c        0x4 ./Core/Src/main.o
                0x000000002000001c                stop_freq_3
 .data.freq_step_3
                0x0000000020000020        0x4 ./Core/Src/main.o
                0x0000000020000020                freq_step_3
 .data.SystemCoreClock
                0x0000000020000024        0x4 ./Core/Src/system_stm32f4xx.o
                0x0000000020000024                SystemCoreClock
 .data.uwTickPrio
                0x0000000020000028        0x4 ./Drivers/STM32F4xx_HAL_Driver/Src/stm32f4xx_hal.o
                0x0000000020000028                uwTickPrio
 .data.uwTickFreq
                0x000000002000002c        0x1 ./Drivers/STM32F4xx_HAL_Driver/Src/stm32f4xx_hal.o
                0x000000002000002c                uwTickFreq
 *(.RamFunc)
 *(.RamFunc*)
                0x0000000020000030                . = ALIGN (0x4)
 *fill*         0x000000002000002d        0x3 
                0x0000000020000030                _edata = .
                0x00000000080031e0                _siccmram = LOADADDR (.ccmram)

.igot.plt       0x0000000020000030        0x0 load address 0x00000000080031e0
 .igot.plt      0x0000000020000030        0x0 /opt/st/stm32cubeide_1.14.0/plugins/com.st.stm32cube.ide.mcu.externaltools.gnu-tools-for-stm32.11.3.rel1.linux64_1.1.100.202309141235/tools/bin/../lib/gcc/arm-none-eabi/11.3.1/thumb/v7e-m+fp/hard/crtbegin.o

.ccmram         0x0000000010000000        0x0 load address 0x00000000080031e0
                0x0000000010000000                . = ALIGN (0x4)
                0x0000000010000000                _sccmram = .
 *(.ccmram)
 *(.ccmram*)
                0x0000000010000000                . = ALIGN (0x4)
                0x0000000010000000                _eccmram = .
                0x0000000010000000                . = ALIGN (0x4)

.bss            0x0000000020000030      0x108
                0x0000000020000030                _sbss = .
                0x0000000020000030                __bss_start__ = _sbss
 *(.bss)
 .bss           0x0000000020000030       0x1c /opt/st/stm32cubeide_1.14.0/plugins/com.st.stm32cube.ide.mcu.externaltools.gnu-tools-for-stm32.11.3.rel1.linux64_1.1.100.202309141235/tools/bin/../lib/gcc/arm-none-eabi/11.3.1/thumb/v7e-m+fp/hard/crtbegin.o
 *(.bss*)
 .bss.hadc1     0x000000002000004c       0x48 ./Core/Src/main.o
                0x000000002000004c                hadc1
 .bss.hi2c1     0x0000000020000094       0x54 ./Core/Src/main.o
                0x0000000020000094                hi2c1
 .bss.huart3    0x00000000200000e8       0x48 ./Core/Src/main.o
                0x00000000200000e8                huart3
 .bss.freq      0x0000000020000130        0x4 ./Core/Src/main.o
                0x0000000020000130                freq
 .bss.uwTick    0x0000000020000134        0x4 ./Drivers/STM32F4xx_HAL_Driver/Src/stm32f4xx_hal.o
                0x0000000020000134                uwTick
 *(COMMON)
                0x0000000020000138                . = ALIGN (0x4)
                0x0000000020000138                _ebss = .
                0x0000000020000138                __bss_end__ = _ebss

._user_heap_stack
                0x0000000020000138      0x600
                0x0000000020000138                . = ALIGN (0x8)
                [!provide]                        PROVIDE (end = .)
                0x0000000020000138                PROVIDE (_end = .)
                0x0000000020000338                . = (. + _Min_Heap_Size)
 *fill*         0x0000000020000138      0x200 
                0x0000000020000738                . = (. + _Min_Stack_Size)
 *fill*         0x0000000020000338      0x400 
                0x0000000020000738                . = ALIGN (0x8)

/DISCARD/
 libc.a(*)
 libm.a(*)
 libgcc.a(*)

.ARM.attributes
                0x0000000000000000       0x30
 *(.ARM.attributes)
 .ARM.attributes
                0x0000000000000000       0x1e /opt/st/stm32cubeide_1.14.0/plugins/com.st.stm32cube.ide.mcu.externaltools.gnu-tools-for-stm32.11.3.rel1.linux64_1.1.100.202309141235/tools/bin/../lib/gcc/arm-none-eabi/11.3.1/thumb/v7e-m+fp/hard/crti.o
 .ARM.attributes
                0x000000000000001e       0x34 /opt/st/stm32cubeide_1.14.0/plugins/com.st.stm32cube.ide.mcu.externaltools.gnu-tools-for-stm32.11.3.rel1.linux64_1.1.100.202309141235/tools/bin/../lib/gcc/arm-none-eabi/11.3.1/thumb/v7e-m+fp/hard/crtbegin.o
 .ARM.attributes
                0x0000000000000052       0x34 ./Core/Src/main.o
 .ARM.attributes
                0x0000000000000086       0x34 ./Core/Src/stm32f4xx_hal_msp.o
 .ARM.attributes
                0x00000000000000ba       0x34 ./Core/Src/stm32f4xx_it.o
 .ARM.attributes
                0x00000000000000ee       0x34 ./Core/Src/system_stm32f4xx.o
 .ARM.attributes
                0x0000000000000122       0x21 ./Core/Startup/startup_stm32f405rgtx.o
 .ARM.attributes
                0x0000000000000143       0x34 ./Drivers/STM32F4xx_HAL_Driver/Src/stm32f4xx_hal.o
 .ARM.attributes
                0x0000000000000177       0x34 ./Drivers/STM32F4xx_HAL_Driver/Src/stm32f4xx_hal_adc.o
 .ARM.attributes
                0x00000000000001ab       0x34 ./Drivers/STM32F4xx_HAL_Driver/Src/stm32f4xx_hal_cortex.o
 .ARM.attributes
                0x00000000000001df       0x34 ./Drivers/STM32F4xx_HAL_Driver/Src/stm32f4xx_hal_gpio.o
 .ARM.attributes
                0x0000000000000213       0x34 ./Drivers/STM32F4xx_HAL_Driver/Src/stm32f4xx_hal_i2c.o
 .ARM.attributes
                0x0000000000000247       0x34 ./Drivers/STM32F4xx_HAL_Driver/Src/stm32f4xx_hal_rcc.o
 .ARM.attributes
                0x000000000000027b       0x34 ./Drivers/STM32F4xx_HAL_Driver/Src/stm32f4xx_hal_uart.o
 .ARM.attributes
                0x00000000000002af       0x34 /opt/st/stm32cubeide_1.14.0/plugins/com.st.stm32cube.ide.mcu.externaltools.gnu-tools-for-stm32.11.3.rel1.linux64_1.1.100.202309141235/tools/bin/../lib/gcc/arm-none-eabi/11.3.1/../../../../arm-none-eabi/lib/thumb/v7e-m+fp/hard/libc_nano.a(libc_a-memset.o)
 .ARM.attributes
                0x00000000000002e3       0x34 /opt/st/stm32cubeide_1.14.0/plugins/com.st.stm32cube.ide.mcu.externaltools.gnu-tools-for-stm32.11.3.rel1.linux64_1.1.100.202309141235/tools/bin/../lib/gcc/arm-none-eabi/11.3.1/../../../../arm-none-eabi/lib/thumb/v7e-m+fp/hard/libc_nano.a(libc_a-init.o)
 .ARM.attributes
                0x0000000000000317       0x1e /opt/st/stm32cubeide_1.14.0/plugins/com.st.stm32cube.ide.mcu.externaltools.gnu-tools-for-stm32.11.3.rel1.linux64_1.1.100.202309141235/tools/bin/../lib/gcc/arm-none-eabi/11.3.1/thumb/v7e-m+fp/hard/libgcc.a(_arm_addsubdf3.o)
 .ARM.attributes
                0x0000000000000335       0x1e /opt/st/stm32cubeide_1.14.0/plugins/com.st.stm32cube.ide.mcu.externaltools.gnu-tools-for-stm32.11.3.rel1.linux64_1.1.100.202309141235/tools/bin/../lib/gcc/arm-none-eabi/11.3.1/thumb/v7e-m+fp/hard/libgcc.a(_arm_muldivdf3.o)
 .ARM.attributes
                0x0000000000000353       0x1e /opt/st/stm32cubeide_1.14.0/plugins/com.st.stm32cube.ide.mcu.externaltools.gnu-tools-for-stm32.11.3.rel1.linux64_1.1.100.202309141235/tools/bin/../lib/gcc/arm-none-eabi/11.3.1/thumb/v7e-m+fp/hard/libgcc.a(_arm_fixdfsi.o)
 .ARM.attributes
                0x0000000000000371       0x1e /opt/st/stm32cubeide_1.14.0/plugins/com.st.stm32cube.ide.mcu.externaltools.gnu-tools-for-stm32.11.3.rel1.linux64_1.1.100.202309141235/tools/bin/../lib/gcc/arm-none-eabi/11.3.1/thumb/v7e-m+fp/hard/libgcc.a(_aeabi_uldivmod.o)
 .ARM.attributes
                0x000000000000038f       0x34 /opt/st/stm32cubeide_1.14.0/plugins/com.st.stm32cube.ide.mcu.externaltools.gnu-tools-for-stm32.11.3.rel1.linux64_1.1.100.202309141235/tools/bin/../lib/gcc/arm-none-eabi/11.3.1/thumb/v7e-m+fp/hard/libgcc.a(_udivmoddi4.o)
 .ARM.attributes
                0x00000000000003c3       0x1e /opt/st/stm32cubeide_1.14.0/plugins/com.st.stm32cube.ide.mcu.externaltools.gnu-tools-for-stm32.11.3.rel1.linux64_1.1.100.202309141235/tools/bin/../lib/gcc/arm-none-eabi/11.3.1/thumb/v7e-m+fp/hard/libgcc.a(_dvmd_tls.o)
 .ARM.attributes
                0x00000000000003e1       0x1e /opt/st/stm32cubeide_1.14.0/plugins/com.st.stm32cube.ide.mcu.externaltools.gnu-tools-for-stm32.11.3.rel1.linux64_1.1.100.202309141235/tools/bin/../lib/gcc/arm-none-eabi/11.3.1/thumb/v7e-m+fp/hard/crtn.o
OUTPUT(impedance_v1.elf elf32-littlearm)
LOAD linker stubs
LOAD /opt/st/stm32cubeide_1.14.0/plugins/com.st.stm32cube.ide.mcu.externaltools.gnu-tools-for-stm32.11.3.rel1.linux64_1.1.100.202309141235/tools/bin/../lib/gcc/arm-none-eabi/11.3.1/../../../../arm-none-eabi/lib/thumb/v7e-m+fp/hard/libc.a
LOAD /opt/st/stm32cubeide_1.14.0/plugins/com.st.stm32cube.ide.mcu.externaltools.gnu-tools-for-stm32.11.3.rel1.linux64_1.1.100.202309141235/tools/bin/../lib/gcc/arm-none-eabi/11.3.1/../../../../arm-none-eabi/lib/thumb/v7e-m+fp/hard/libm.a
LOAD /opt/st/stm32cubeide_1.14.0/plugins/com.st.stm32cube.ide.mcu.externaltools.gnu-tools-for-stm32.11.3.rel1.linux64_1.1.100.202309141235/tools/bin/../lib/gcc/arm-none-eabi/11.3.1/thumb/v7e-m+fp/hard/libgcc.a

.comment        0x0000000000000000       0x43
 .comment       0x0000000000000000       0x43 /opt/st/stm32cubeide_1.14.0/plugins/com.st.stm32cube.ide.mcu.externaltools.gnu-tools-for-stm32.11.3.rel1.linux64_1.1.100.202309141235/tools/bin/../lib/gcc/arm-none-eabi/11.3.1/thumb/v7e-m+fp/hard/crtbegin.o
                                         0x44 (size before relaxing)
 .comment       0x0000000000000043       0x44 ./Core/Src/main.o
 .comment       0x0000000000000043       0x44 ./Core/Src/stm32f4xx_hal_msp.o
 .comment       0x0000000000000043       0x44 ./Core/Src/stm32f4xx_it.o
 .comment       0x0000000000000043       0x44 ./Core/Src/system_stm32f4xx.o
 .comment       0x0000000000000043       0x44 ./Drivers/STM32F4xx_HAL_Driver/Src/stm32f4xx_hal.o
 .comment       0x0000000000000043       0x44 ./Drivers/STM32F4xx_HAL_Driver/Src/stm32f4xx_hal_adc.o
 .comment       0x0000000000000043       0x44 ./Drivers/STM32F4xx_HAL_Driver/Src/stm32f4xx_hal_cortex.o
 .comment       0x0000000000000043       0x44 ./Drivers/STM32F4xx_HAL_Driver/Src/stm32f4xx_hal_gpio.o
 .comment       0x0000000000000043       0x44 ./Drivers/STM32F4xx_HAL_Driver/Src/stm32f4xx_hal_i2c.o
 .comment       0x0000000000000043       0x44 ./Drivers/STM32F4xx_HAL_Driver/Src/stm32f4xx_hal_rcc.o
 .comment       0x0000000000000043       0x44 ./Drivers/STM32F4xx_HAL_Driver/Src/stm32f4xx_hal_uart.o

.debug_info     0x0000000000000000     0xae9a
 .debug_info    0x0000000000000000     0x12f1 ./Core/Src/main.o
 .debug_info    0x00000000000012f1      0xf0c ./Core/Src/stm32f4xx_hal_msp.o
 .debug_info    0x00000000000021fd      0x112 ./Core/Src/stm32f4xx_it.o
 .debug_info    0x000000000000230f      0x512 ./Core/Src/system_stm32f4xx.o
 .debug_info    0x0000000000002821       0x23 ./Core/Startup/startup_stm32f405rgtx.o
 .debug_info    0x0000000000002844      0x932 ./Drivers/STM32F4xx_HAL_Driver/Src/stm32f4xx_hal.o
 .debug_info    0x0000000000003176      0xcd4 ./Drivers/STM32F4xx_HAL_Driver/Src/stm32f4xx_hal_adc.o
 .debug_info    0x0000000000003e4a      0xd7a ./Drivers/STM32F4xx_HAL_Driver/Src/stm32f4xx_hal_cortex.o
 .debug_info    0x0000000000004bc4      0x6c3 ./Drivers/STM32F4xx_HAL_Driver/Src/stm32f4xx_hal_gpio.o
 .debug_info    0x0000000000005287     0x2415 ./Drivers/STM32F4xx_HAL_Driver/Src/stm32f4xx_hal_i2c.o
 .debug_info    0x000000000000769c      0x8af ./Drivers/STM32F4xx_HAL_Driver/Src/stm32f4xx_hal_rcc.o
 .debug_info    0x0000000000007f4b     0x2f4f ./Drivers/STM32F4xx_HAL_Driver/Src/stm32f4xx_hal_uart.o

.debug_abbrev   0x0000000000000000     0x1809
 .debug_abbrev  0x0000000000000000      0x2c8 ./Core/Src/main.o
 .debug_abbrev  0x00000000000002c8      0x1d9 ./Core/Src/stm32f4xx_hal_msp.o
 .debug_abbrev  0x00000000000004a1       0x73 ./Core/Src/stm32f4xx_it.o
 .debug_abbrev  0x0000000000000514      0x11a ./Core/Src/system_stm32f4xx.o
 .debug_abbrev  0x000000000000062e       0x12 ./Core/Startup/startup_stm32f405rgtx.o
 .debug_abbrev  0x0000000000000640      0x214 ./Drivers/STM32F4xx_HAL_Driver/Src/stm32f4xx_hal.o
 .debug_abbrev  0x0000000000000854      0x252 ./Drivers/STM32F4xx_HAL_Driver/Src/stm32f4xx_hal_adc.o
 .debug_abbrev  0x0000000000000aa6      0x31d ./Drivers/STM32F4xx_HAL_Driver/Src/stm32f4xx_hal_cortex.o
 .debug_abbrev  0x0000000000000dc3      0x1d4 ./Drivers/STM32F4xx_HAL_Driver/Src/stm32f4xx_hal_gpio.o
 .debug_abbrev  0x0000000000000f97      0x2ad ./Drivers/STM32F4xx_HAL_Driver/Src/stm32f4xx_hal_i2c.o
 .debug_abbrev  0x0000000000001244      0x2b7 ./Drivers/STM32F4xx_HAL_Driver/Src/stm32f4xx_hal_rcc.o
 .debug_abbrev  0x00000000000014fb      0x30e ./Drivers/STM32F4xx_HAL_Driver/Src/stm32f4xx_hal_uart.o

.debug_aranges  0x0000000000000000      0x9f8
 .debug_aranges
                0x0000000000000000       0x60 ./Core/Src/main.o
 .debug_aranges
                0x0000000000000060       0x50 ./Core/Src/stm32f4xx_hal_msp.o
 .debug_aranges
                0x00000000000000b0       0x60 ./Core/Src/stm32f4xx_it.o
 .debug_aranges
                0x0000000000000110       0x28 ./Core/Src/system_stm32f4xx.o
 .debug_aranges
                0x0000000000000138       0x28 ./Core/Startup/startup_stm32f405rgtx.o
 .debug_aranges
                0x0000000000000160       0xf0 ./Drivers/STM32F4xx_HAL_Driver/Src/stm32f4xx_hal.o
 .debug_aranges
                0x0000000000000250       0xe8 ./Drivers/STM32F4xx_HAL_Driver/Src/stm32f4xx_hal_adc.o
 .debug_aranges
                0x0000000000000338      0x130 ./Drivers/STM32F4xx_HAL_Driver/Src/stm32f4xx_hal_cortex.o
 .debug_aranges
                0x0000000000000468       0x58 ./Drivers/STM32F4xx_HAL_Driver/Src/stm32f4xx_hal_gpio.o
 .debug_aranges
                0x00000000000004c0      0x2a8 ./Drivers/STM32F4xx_HAL_Driver/Src/stm32f4xx_hal_i2c.o
 .debug_aranges
                0x0000000000000768       0x88 ./Drivers/STM32F4xx_HAL_Driver/Src/stm32f4xx_hal_rcc.o
 .debug_aranges
                0x00000000000007f0      0x208 ./Drivers/STM32F4xx_HAL_Driver/Src/stm32f4xx_hal_uart.o

.debug_rnglists
                0x0000000000000000      0x7d9
 .debug_rnglists
                0x0000000000000000       0x48 ./Core/Src/main.o
 .debug_rnglists
                0x0000000000000048       0x3a ./Core/Src/stm32f4xx_hal_msp.o
 .debug_rnglists
                0x0000000000000082       0x43 ./Core/Src/stm32f4xx_it.o
 .debug_rnglists
                0x00000000000000c5       0x1a ./Core/Src/system_stm32f4xx.o
 .debug_rnglists
                0x00000000000000df       0x19 ./Core/Startup/startup_stm32f405rgtx.o
 .debug_rnglists
                0x00000000000000f8       0xaf ./Drivers/STM32F4xx_HAL_Driver/Src/stm32f4xx_hal.o
 .debug_rnglists
                0x00000000000001a7       0xb5 ./Drivers/STM32F4xx_HAL_Driver/Src/stm32f4xx_hal_adc.o
 .debug_rnglists
                0x000000000000025c       0xe0 ./Drivers/STM32F4xx_HAL_Driver/Src/stm32f4xx_hal_cortex.o
 .debug_rnglists
                0x000000000000033c       0x3f ./Drivers/STM32F4xx_HAL_Driver/Src/stm32f4xx_hal_gpio.o
 .debug_rnglists
                0x000000000000037b      0x23c ./Drivers/STM32F4xx_HAL_Driver/Src/stm32f4xx_hal_i2c.o
 .debug_rnglists
                0x00000000000005b7       0x66 ./Drivers/STM32F4xx_HAL_Driver/Src/stm32f4xx_hal_rcc.o
 .debug_rnglists
                0x000000000000061d      0x1bc ./Drivers/STM32F4xx_HAL_Driver/Src/stm32f4xx_hal_uart.o

.debug_macro    0x0000000000000000    0x1f04d
 .debug_macro   0x0000000000000000      0x211 ./Core/Src/main.o
 .debug_macro   0x0000000000000211      0xaa8 ./Core/Src/main.o
 .debug_macro   0x0000000000000cb9      0x2a1 ./Core/Src/main.o
 .debug_macro   0x0000000000000f5a       0x2e ./Core/Src/main.o
 .debug_macro   0x0000000000000f88       0x2f ./Core/Src/main.o
 .debug_macro   0x0000000000000fb7       0x22 ./Core/Src/main.o
 .debug_macro   0x0000000000000fd9       0x8e ./Core/Src/main.o
 .debug_macro   0x0000000000001067       0x51 ./Core/Src/main.o
 .debug_macro   0x00000000000010b8      0x103 ./Core/Src/main.o
 .debug_macro   0x00000000000011bb       0x6a ./Core/Src/main.o
 .debug_macro   0x0000000000001225      0x1df ./Core/Src/main.o
 .debug_macro   0x0000000000001404       0x1c ./Core/Src/main.o
 .debug_macro   0x0000000000001420       0x22 ./Core/Src/main.o
 .debug_macro   0x0000000000001442       0xfb ./Core/Src/main.o
 .debug_macro   0x000000000000153d     0x1011 ./Core/Src/main.o
 .debug_macro   0x000000000000254e      0x11f ./Core/Src/main.o
 .debug_macro   0x000000000000266d    0x1426d ./Core/Src/main.o
 .debug_macro   0x00000000000168da       0x6d ./Core/Src/main.o
 .debug_macro   0x0000000000016947     0x369a ./Core/Src/main.o
 .debug_macro   0x0000000000019fe1      0x174 ./Core/Src/main.o
 .debug_macro   0x000000000001a155       0x5c ./Core/Src/main.o
 .debug_macro   0x000000000001a1b1      0x8bc ./Core/Src/main.o
 .debug_macro   0x000000000001aa6d      0x9e9 ./Core/Src/main.o
 .debug_macro   0x000000000001b456      0x115 ./Core/Src/main.o
 .debug_macro   0x000000000001b56b      0x130 ./Core/Src/main.o
 .debug_macro   0x000000000001b69b       0xa5 ./Core/Src/main.o
 .debug_macro   0x000000000001b740      0x174 ./Core/Src/main.o
 .debug_macro   0x000000000001b8b4      0x287 ./Core/Src/main.o
 .debug_macro   0x000000000001bb3b       0x5f ./Core/Src/main.o
 .debug_macro   0x000000000001bb9a      0x236 ./Core/Src/main.o
 .debug_macro   0x000000000001bdd0      0xb5b ./Core/Src/main.o
 .debug_macro   0x000000000001c92b      0x38b ./Core/Src/main.o
 .debug_macro   0x000000000001ccb6      0x176 ./Core/Src/main.o
 .debug_macro   0x000000000001ce2c       0xf9 ./Core/Src/main.o
 .debug_macro   0x000000000001cf25      0x12c ./Core/Src/main.o
 .debug_macro   0x000000000001d051      0x21e ./Core/Src/main.o
 .debug_macro   0x000000000001d26f       0x2e ./Core/Src/main.o
 .debug_macro   0x000000000001d29d      0x1b5 ./Core/Src/main.o
 .debug_macro   0x000000000001d452       0xd6 ./Core/Src/main.o
 .debug_macro   0x000000000001d528      0x127 ./Core/Src/main.o
 .debug_macro   0x000000000001d64f       0x7e ./Core/Src/main.o
 .debug_macro   0x000000000001d6cd       0x89 ./Core/Src/main.o
 .debug_macro   0x000000000001d756      0x2aa ./Core/Src/main.o
 .debug_macro   0x000000000001da00      0x12d ./Core/Src/main.o
 .debug_macro   0x000000000001db2d       0x46 ./Core/Src/main.o
 .debug_macro   0x000000000001db73      0x20b ./Core/Src/stm32f4xx_hal_msp.o
 .debug_macro   0x000000000001dd7e      0x215 ./Core/Src/stm32f4xx_it.o
 .debug_macro   0x000000000001df93      0x1fc ./Core/Src/system_stm32f4xx.o
 .debug_macro   0x000000000001e18f      0x25c ./Drivers/STM32F4xx_HAL_Driver/Src/stm32f4xx_hal.o
 .debug_macro   0x000000000001e3eb      0x1fd ./Drivers/STM32F4xx_HAL_Driver/Src/stm32f4xx_hal_adc.o
 .debug_macro   0x000000000001e5e8      0x1fc ./Drivers/STM32F4xx_HAL_Driver/Src/stm32f4xx_hal_cortex.o
 .debug_macro   0x000000000001e7e4      0x202 ./Drivers/STM32F4xx_HAL_Driver/Src/stm32f4xx_hal_gpio.o
 .debug_macro   0x000000000001e9e6      0x24a ./Drivers/STM32F4xx_HAL_Driver/Src/stm32f4xx_hal_i2c.o
 .debug_macro   0x000000000001ec30      0x220 ./Drivers/STM32F4xx_HAL_Driver/Src/stm32f4xx_hal_rcc.o
 .debug_macro   0x000000000001ee50      0x1fd ./Drivers/STM32F4xx_HAL_Driver/Src/stm32f4xx_hal_uart.o

.debug_line     0x0000000000000000     0xc489
 .debug_line    0x0000000000000000      0x95f ./Core/Src/main.o
 .debug_line    0x000000000000095f      0x7cd ./Core/Src/stm32f4xx_hal_msp.o
 .debug_line    0x000000000000112c      0x79d ./Core/Src/stm32f4xx_it.o
 .debug_line    0x00000000000018c9      0x75c ./Core/Src/system_stm32f4xx.o
 .debug_line    0x0000000000002025       0x7a ./Core/Startup/startup_stm32f405rgtx.o
 .debug_line    0x000000000000209f      0x9c2 ./Drivers/STM32F4xx_HAL_Driver/Src/stm32f4xx_hal.o
 .debug_line    0x0000000000002a61     0x1242 ./Drivers/STM32F4xx_HAL_Driver/Src/stm32f4xx_hal_adc.o
 .debug_line    0x0000000000003ca3      0xcbc ./Drivers/STM32F4xx_HAL_Driver/Src/stm32f4xx_hal_cortex.o
 .debug_line    0x000000000000495f      0xb36 ./Drivers/STM32F4xx_HAL_Driver/Src/stm32f4xx_hal_gpio.o
 .debug_line    0x0000000000005495     0x3a24 ./Drivers/STM32F4xx_HAL_Driver/Src/stm32f4xx_hal_i2c.o
 .debug_line    0x0000000000008eb9      0xd51 ./Drivers/STM32F4xx_HAL_Driver/Src/stm32f4xx_hal_rcc.o
 .debug_line    0x0000000000009c0a     0x287f ./Drivers/STM32F4xx_HAL_Driver/Src/stm32f4xx_hal_uart.o

.debug_str      0x0000000000000000    0xc3098
 .debug_str     0x0000000000000000    0xc085e ./Core/Src/main.o
                                      0xc0baf (size before relaxing)
 .debug_str     0x00000000000c085e       0xb4 ./Core/Src/stm32f4xx_hal_msp.o
                                      0xc083c (size before relaxing)
 .debug_str     0x00000000000c0912       0xc9 ./Core/Src/stm32f4xx_it.o
                                      0xbfe5e (size before relaxing)
 .debug_str     0x00000000000c09db       0xdb ./Core/Src/system_stm32f4xx.o
                                      0xbfe98 (size before relaxing)
 .debug_str     0x00000000000c0ab6       0x34 ./Core/Startup/startup_stm32f405rgtx.o
                                         0x74 (size before relaxing)
 .debug_str     0x00000000000c0aea      0xadc ./Drivers/STM32F4xx_HAL_Driver/Src/stm32f4xx_hal.o
                                      0xc09fb (size before relaxing)
 .debug_str     0x00000000000c15c6      0x2c6 ./Drivers/STM32F4xx_HAL_Driver/Src/stm32f4xx_hal_adc.o
                                      0xc0485 (size before relaxing)
 .debug_str     0x00000000000c188c      0x388 ./Drivers/STM32F4xx_HAL_Driver/Src/stm32f4xx_hal_cortex.o
                                      0xc0777 (size before relaxing)
 .debug_str     0x00000000000c1c14      0x121 ./Drivers/STM32F4xx_HAL_Driver/Src/stm32f4xx_hal_gpio.o
                                      0xc0013 (size before relaxing)
 .debug_str     0x00000000000c1d35      0xb42 ./Drivers/STM32F4xx_HAL_Driver/Src/stm32f4xx_hal_i2c.o
                                      0xc0eb6 (size before relaxing)
 .debug_str     0x00000000000c2877      0x213 ./Drivers/STM32F4xx_HAL_Driver/Src/stm32f4xx_hal_rcc.o
                                      0xc02cc (size before relaxing)
 .debug_str     0x00000000000c2a8a      0x60e ./Drivers/STM32F4xx_HAL_Driver/Src/stm32f4xx_hal_uart.o
                                      0xc08ad (size before relaxing)

.debug_frame    0x0000000000000000     0x2afc
 .debug_frame   0x0000000000000000      0x134 ./Core/Src/main.o
 .debug_frame   0x0000000000000134      0x110 ./Core/Src/stm32f4xx_hal_msp.o
 .debug_frame   0x0000000000000244      0x104 ./Core/Src/stm32f4xx_it.o
 .debug_frame   0x0000000000000348       0x58 ./Core/Src/system_stm32f4xx.o
 .debug_frame   0x00000000000003a0      0x374 ./Drivers/STM32F4xx_HAL_Driver/Src/stm32f4xx_hal.o
 .debug_frame   0x0000000000000714      0x3fc ./Drivers/STM32F4xx_HAL_Driver/Src/stm32f4xx_hal_adc.o
 .debug_frame   0x0000000000000b10      0x508 ./Drivers/STM32F4xx_HAL_Driver/Src/stm32f4xx_hal_cortex.o
 .debug_frame   0x0000000000001018      0x14c ./Drivers/STM32F4xx_HAL_Driver/Src/stm32f4xx_hal_gpio.o
 .debug_frame   0x0000000000001164      0xc84 ./Drivers/STM32F4xx_HAL_Driver/Src/stm32f4xx_hal_i2c.o
 .debug_frame   0x0000000000001de8      0x1f4 ./Drivers/STM32F4xx_HAL_Driver/Src/stm32f4xx_hal_rcc.o
 .debug_frame   0x0000000000001fdc      0x954 ./Drivers/STM32F4xx_HAL_Driver/Src/stm32f4xx_hal_uart.o
 .debug_frame   0x0000000000002930       0x20 /opt/st/stm32cubeide_1.14.0/plugins/com.st.stm32cube.ide.mcu.externaltools.gnu-tools-for-stm32.11.3.rel1.linux64_1.1.100.202309141235/tools/bin/../lib/gcc/arm-none-eabi/11.3.1/../../../../arm-none-eabi/lib/thumb/v7e-m+fp/hard/libc_nano.a(libc_a-memset.o)
 .debug_frame   0x0000000000002950       0x2c /opt/st/stm32cubeide_1.14.0/plugins/com.st.stm32cube.ide.mcu.externaltools.gnu-tools-for-stm32.11.3.rel1.linux64_1.1.100.202309141235/tools/bin/../lib/gcc/arm-none-eabi/11.3.1/../../../../arm-none-eabi/lib/thumb/v7e-m+fp/hard/libc_nano.a(libc_a-init.o)
 .debug_frame   0x000000000000297c       0xac /opt/st/stm32cubeide_1.14.0/plugins/com.st.stm32cube.ide.mcu.externaltools.gnu-tools-for-stm32.11.3.rel1.linux64_1.1.100.202309141235/tools/bin/../lib/gcc/arm-none-eabi/11.3.1/thumb/v7e-m+fp/hard/libgcc.a(_arm_addsubdf3.o)
 .debug_frame   0x0000000000002a28       0x50 /opt/st/stm32cubeide_1.14.0/plugins/com.st.stm32cube.ide.mcu.externaltools.gnu-tools-for-stm32.11.3.rel1.linux64_1.1.100.202309141235/tools/bin/../lib/gcc/arm-none-eabi/11.3.1/thumb/v7e-m+fp/hard/libgcc.a(_arm_muldivdf3.o)
 .debug_frame   0x0000000000002a78       0x24 /opt/st/stm32cubeide_1.14.0/plugins/com.st.stm32cube.ide.mcu.externaltools.gnu-tools-for-stm32.11.3.rel1.linux64_1.1.100.202309141235/tools/bin/../lib/gcc/arm-none-eabi/11.3.1/thumb/v7e-m+fp/hard/libgcc.a(_arm_fixdfsi.o)
 .debug_frame   0x0000000000002a9c       0x2c /opt/st/stm32cubeide_1.14.0/plugins/com.st.stm32cube.ide.mcu.externaltools.gnu-tools-for-stm32.11.3.rel1.linux64_1.1.100.202309141235/tools/bin/../lib/gcc/arm-none-eabi/11.3.1/thumb/v7e-m+fp/hard/libgcc.a(_aeabi_uldivmod.o)
 .debug_frame   0x0000000000002ac8       0x34 /opt/st/stm32cubeide_1.14.0/plugins/com.st.stm32cube.ide.mcu.externaltools.gnu-tools-for-stm32.11.3.rel1.linux64_1.1.100.202309141235/tools/bin/../lib/gcc/arm-none-eabi/11.3.1/thumb/v7e-m+fp/hard/libgcc.a(_udivmoddi4.o)

.debug_line_str
                0x0000000000000000       0x68
 .debug_line_str
                0x0000000000000000       0x68 ./Core/Startup/startup_stm32f405rgtx.o
                                         0x80 (size before relaxing)
