../Core/Src/main.c:136:6:tfr_byte	24	static
../Core/Src/main.c:146:6:sendFrequency	24	static
../Core/Src/main.c:158:6:delay_us	16	static
../Core/Src/main.c:166:6:setup_mux	8	static
../Core/Src/main.c:185:6:setup_mux_x	16	static
../Core/Src/main.c:234:5:main	8	static
../Core/Src/main.c:345:6:SystemClock_Config	88	static
../Core/Src/main.c:392:13:MX_ADC1_Init	24	static
../Core/Src/main.c:444:13:MX_TIM2_Init	32	static
../Core/Src/main.c:489:13:MX_USART3_UART_Init	8	static
../Core/Src/main.c:520:13:MX_DMA_Init	16	static
../Core/Src/main.c:538:13:MX_GPIO_Init	48	static
../Core/Src/main.c:606:6:HAL_ADC_ConvCpltCallback	16	static
../Core/Src/main.c:621:6:Error_Handler	4	static,ignoring_inline_asm
