../Core/Src/main.c:112:6:setup	16	static
../Core/Src/main.c:139:5:main	32	static
../Core/Src/main.c:222:6:SystemClock_Config	88	static
../Core/Src/main.c:264:13:MX_ADC1_Init	24	static
../Core/Src/main.c:334:13:MX_I2C1_Init	8	static
../Core/Src/main.c:368:13:MX_USART3_UART_Init	8	static
../Core/Src/main.c:401:13:MX_GPIO_Init	48	static
../Core/Src/main.c:440:6:tfr_byte	24	static
../Core/Src/main.c:451:6:sendFrequency	24	static
../Core/Src/main.c:463:6:poll_adc_values	8	static
../Core/Src/main.c:485:6:trns_adc_via_uart	16	static
../Core/Src/main.c:499:6:Error_Handler	4	static,ignoring_inline_asm
